// Jest Snapshot v1, https://goo.gl/fbAQLP

exports[`router snapshot 1`] = `
VueRouter {
  "afterHooks": Array [],
  "app": null,
  "apps": Array [],
  "beforeHooks": Array [],
  "fallback": false,
  "history": HTML5History {
    "base": "",
    "current": Object {
      "fullPath": "/",
      "hash": "",
      "matched": Array [],
      "meta": Object {},
      "name": null,
      "params": Object {},
      "path": "/",
      "query": Object {},
    },
    "errorCbs": Array [],
    "pending": null,
    "ready": false,
    "readyCbs": Array [],
    "readyErrorCbs": Array [],
    "router": [Circular],
  },
  "matcher": Object {
    "addRoutes": [Function],
    "match": [Function],
  },
  "mode": "history",
  "options": Object {
    "mode": "history",
    "routes": Array [
      Object {
        "component": Object {
          "beforeRouteEnter": [Function],
          "beforeRouteUpdate": [Function],
          "components": Object {
            "UserForm": Object {
              "data": [Function],
              "methods": Object {
                "destroy": [Function],
                "submit": [Function],
              },
              "props": Object {
                "user": Object {
                  "required": true,
                  "type": [Function],
                },
              },
              "render": [Function],
              "staticRenderFns": Array [
                [Function],
              ],
              "watch": Object {
                "user": Object {
                  "handler": [Function],
                  "immediate": true,
                },
              },
            },
          },
          "computed": Object {
            "user": [Function],
          },
          "methods": Object {
            "destroy": [Function],
            "destroyData": [Function],
            "fetch": [Function],
            "submit": [Function],
            "submitForm": [Function],
          },
          "render": [Function],
          "staticRenderFns": Array [],
        },
        "path": "/users/:id",
      },
      Object {
        "component": Object {
          "beforeRouteEnter": [Function],
          "components": Object {
            "UserList": Object {
              "components": Object {
                "EmailLink": Object {
                  "computed": Object {
                    "href": [Function],
                  },
                  "props": Object {
                    "email": Object {
                      "required": true,
                      "type": [Function],
                    },
                  },
                  "render": [Function],
                  "staticRenderFns": Array [],
                },
              },
              "computed": Object {
                "users": [Function],
              },
              "render": [Function],
              "staticRenderFns": Array [],
            },
          },
          "computed": Object {
            "users": [Function],
          },
          "methods": Object {
            "fetch": [Function],
          },
          "render": [Function],
          "staticRenderFns": Array [],
        },
        "path": "/users",
      },
      Object {
        "component": Object {
          "template": "<div>foo</div>",
        },
        "path": "/foo/:id",
      },
      Object {
        "component": Object {
          "template": "<div>bar</div>",
        },
        "path": "/bar",
      },
      Object {
        "component": Object {
          "render": [Function],
          "staticRenderFns": Array [],
        },
        "path": "*",
      },
    ],
  },
  "resolveHooks": Array [],
}
`;
