// Jest Snapshot v1, https://goo.gl/fbAQLP

exports[`Component test 1`] = `
<form>
  <div
    class="field"
  >
    <label
      class="label"
    >
      氏名
    </label>
    <div
      class="control"
    >
      <input
        aria-label="name"
        class="input"
        name="name"
        type="text"
      />
    </div>
  </div>
  <div
    class="field"
  >
    <label
      class="label"
    >
      EMail
    </label>
    <div
      class="control"
    >
      <input
        aria-label="email"
        class="input"
        name="email"
        type="text"
      />
    </div>
  </div>
  <div
    class="field"
  >
    <label
      class="label"
    >
      パスワード
    </label>
    <div
      class="control"
    >
      <input
        aria-label="password"
        class="input"
        name="password"
        type="password"
      />
    </div>
  </div>
  <div
    class="field"
  >
    <label
      class="label"
    >
      パスワード確認
    </label>
    <div
      class="control"
    >
      <input
        aria-label="password_confirmation"
        class="input"
        name="password_confirmation"
        type="password"
      />
    </div>
  </div>
  <div
    class="field"
  >
    <label
      class="label"
    >
      ロール
    </label>
    <div
      class="control"
    >
      <div
        class="taginput control roles"
      >
        <div
          class="taginput-container is-focusable"
        >
          <span
            class="tag"
          >
            <span
              class=""
            >
              
                        ロール管理
                    
            </span>
             
            <a
              class="delete is-small"
              role="button"
            />
          </span>
           
          <div
            class="autocomplete control"
          >
            <div
              class="control has-icons-left is-clearfix"
            >
              <input
                autocomplete="off"
                class="input"
                readonly="readonly"
                type="text"
              />
               
              <span
                class="icon is-left"
              >
                <i
                  class="mdi mdi-label mdi-24px"
                />
              </span>
               
              <!---->
               
              <!---->
            </div>
             
            <transition-stub
              name="fade"
            >
              <div
                class="dropdown-menu"
                style="display: none;"
              >
                <div
                  class="dropdown-content"
                  style="display: none;"
                >
                  <!---->
                    
                  <!---->
                   
                  <!---->
                </div>
              </div>
            </transition-stub>
          </div>
        </div>
         
        <!---->
      </div>
    </div>
  </div>
  <div
    class="field is-grouped"
  >
    <div
      class="control"
    >
      <button
        class="button is-primary submit"
        type="submit"
      >
        送信
      </button>
    </div>
    <div
      class="control"
    >
      <button
        class="button destroy"
      >
        削除
      </button>
    </div>
  </div>
</form>
`;
