// Jest Snapshot v1, https://goo.gl/fbAQLP

exports[`Component snapshot 1`] = `
<section
  class="section"
>
  <div
    class="container"
  >
    <div
      class="columns"
    >
      <div
        class="column"
      >
        <pagenav-stub />
      </div>
    </div>
    <div
      class="columns"
    >
      <div
        class="column"
      >
        <div
          class="box"
        >
          <router-view-stub
            name="default"
          />
        </div>
      </div>
    </div>
    <div
      class="columns"
    >
      <div
        class="column"
      >
        <div
          class="box"
        >
          <debugpanel-stub />
        </div>
      </div>
    </div>
  </div>
</section>
`;
