// Jest Snapshot v1, https://goo.gl/fbAQLP

exports[`Component snapshot 1`] = `
<div
  class="buefy-sample"
>
  <p>
    Buefy Sample
  </p>
  <b-field-stub
    addons="true"
    label="Label"
  >
    <b-input-stub
      customclass=""
      hascounter="true"
      type="text"
      usehtml5validation="true"
      value="input value"
    />
  </b-field-stub>
  <b-button-stub
    class="is-primary"
    nativetype="button"
    tag="button"
  >
    button
  </b-button-stub>
  <span
    class="icon has-text-info"
  >
    <i
      class="far fa-address-book"
    />
    <i
      class="fas fa-info-circle"
    />
  </span>
</div>
`;
