// Jest Snapshot v1, https://goo.gl/fbAQLP

exports[`Component snapshot 1`] = `
<div
  class="user-list"
>
  <h2>
    user-list
  </h2>
  <table
    class="table is-striped is-fullwidth"
  >
    <tr>
      <td>
        <emaillink-stub
          email="test@example.com"
        />
      </td>
      <td>
        name
      </td>
      <td />
    </tr>
  </table>
</div>
`;
